[W][02303.475891] pw.conf      | [          conf.c: 1031 try_load_conf()] can't load config client-rt.conf: No such file or directory
[E][02303.476019] pw.conf      | [          conf.c: 1060 pw_conf_load_conf_for_context()] can't load config client-rt.conf: No such file or directory
[ALSOFT] (EE) Failed to create PipeWire event context (errno: 2)
ALSA lib confmisc.c:855:(parse_card) cannot find card '0'
ALSA lib conf.c:5204:(_snd_config_evaluate) function snd_func_card_inum returned error: No such file or directory
ALSA lib confmisc.c:422:(snd_func_concat) error evaluating strings
ALSA lib conf.c:5204:(_snd_config_evaluate) function snd_func_concat returned error: No such file or directory
ALSA lib confmisc.c:1342:(snd_func_refer) error evaluating name
ALSA lib conf.c:5204:(_snd_config_evaluate) function snd_func_refer returned error: No such file or directory
ALSA lib conf.c:5727:(snd_config_expand) Evaluate error: No such file or directory
ALSA lib pcm.c:2721:(snd_pcm_open_noupdate) Unknown PCM default
/app/.venv/lib/python3.10/site-packages/gymnasium/spaces/box.py:235: UserWarning: [33mWARN: Box low's precision lowered by casting to float32, current low.dtype=float64[0m
  gym.logger.warn(
/app/.venv/lib/python3.10/site-packages/gymnasium/spaces/box.py:305: UserWarning: [33mWARN: Box high's precision lowered by casting to float32, current high.dtype=float64[0m
  gym.logger.warn(
1
Exploring:   0%|          | 0/256 [00:00<?, ?it/s]Exploring:  39%|███▉      | 100/256 [00:02<00:04, 35.65it/s]Exploring:  39%|███▉      | 100/256 [00:02<00:04, 35.65it/s, experiences=100, steps=800]Exploring:  78%|███████▊  | 200/256 [00:05<00:01, 36.66it/s, experiences=100, steps=800]Exploring:  78%|███████▊  | 200/256 [00:05<00:01, 36.66it/s, experiences=200, steps=1,600]Exploring:  78%|███████▊  | 200/256 [00:06<00:01, 28.84it/s, experiences=200, steps=1,600]
Training:   0%|          | 0/2 [00:00<?, ?it/s]Training:  50%|█████     | 1/2 [00:00<00:00,  4.57it/s]Training:  50%|█████     | 1/2 [00:00<00:00,  4.57it/s, loss=-0.8950]Training: 100%|██████████| 2/2 [00:00<00:00,  5.25it/s, loss=-0.8950]Training: 100%|██████████| 2/2 [00:00<00:00,  5.25it/s, loss=-1.1869]Training: 100%|██████████| 2/2 [00:00<00:00,  5.13it/s, loss=-1.1869]

╭──── Training Progress ─────╮
│  Steps:          2,048     │
│  Experiences:    2,048     │
│  Training Runs:  32        │
╰────────────────────────────╯

     Training Metrics
┏━━━━━━━━━━━━━━┳━━━━━━━━━┓
┃ Metric       ┃   Value ┃
┡━━━━━━━━━━━━━━╇━━━━━━━━━┩
│ Actor Loss   │ -1.1869 │
│ Entropy Loss │ -2.8222 │
│ Mean Entropy │  2.8222 │
└──────────────┴─────────┘

Exploring:   0%|          | 0/256 [00:00<?, ?it/s]